Traceback (most recent call last):
  File "C:\Users\Administrador\miniconda3\envs\ml_venv\lib\site-packages\jupyter_cache\executors\utils.py", line 58, in single_nb_execution
    executenb(
  File "C:\Users\Administrador\miniconda3\envs\ml_venv\lib\site-packages\nbclient\client.py", line 1305, in execute
    return NotebookClient(nb=nb, resources=resources, km=km, **kwargs).execute()
  File "C:\Users\Administrador\miniconda3\envs\ml_venv\lib\site-packages\jupyter_core\utils\__init__.py", line 166, in wrapped
    return loop.run_until_complete(inner)
  File "C:\Users\Administrador\miniconda3\envs\ml_venv\lib\asyncio\base_events.py", line 647, in run_until_complete
    return future.result()
  File "C:\Users\Administrador\miniconda3\envs\ml_venv\lib\site-packages\nbclient\client.py", line 705, in async_execute
    await self.async_execute_cell(
  File "C:\Users\Administrador\miniconda3\envs\ml_venv\lib\site-packages\nbclient\client.py", line 1058, in async_execute_cell
    await self._check_raise_for_error(cell, cell_index, exec_reply)
  File "C:\Users\Administrador\miniconda3\envs\ml_venv\lib\site-packages\nbclient\client.py", line 914, in _check_raise_for_error
    raise CellExecutionError.from_cell_and_msg(cell, exec_reply_content)
nbclient.exceptions.CellExecutionError: An error occurred while executing the following cell:
------------------
# ===================================
# 1.1 CARGA DEL CSV (lectura segura)
# ===================================
# Notas:
# - low_memory=False para parseo estable.
# - No imponemos dtypes aún porque el CSV de Lending Club trae columnas inconsistentes según años.
# - Convertiremos tipos clave luego para ahorrar memoria/control.

assert os.path.exists(CSV_FILE), f"No se encontró el archivo: {CSV_FILE}"

print("Cargando CSV (puede tardar un poco)...")
df = pd.read_csv(CSV_FILE, low_memory=False)
print("Shape original:", df.shape)
print("Memoria (aprox):", mem_mb(df))

# Guardamos columnas originales por referencia
cols_originales = df.columns.tolist()
save_json({"columns": cols_originales}, os.path.join(ARTIFACTS_DIR, "columns_raw.json"))

# Vista rápida
display(df.head(3))

------------------


[1;31m---------------------------------------------------------------------------[0m
[1;31mAssertionError[0m                            Traceback (most recent call last)
Cell [1;32mIn[6], line 9[0m
[0;32m      1[0m [38;5;66;03m# ===================================[39;00m
[0;32m      2[0m [38;5;66;03m# 1.1 CARGA DEL CSV (lectura segura)[39;00m
[0;32m      3[0m [38;5;66;03m# ===================================[39;00m
[1;32m   (...)[0m
[0;32m      6[0m [38;5;66;03m# - No imponemos dtypes aún porque el CSV de Lending Club trae columnas inconsistentes según años.[39;00m
[0;32m      7[0m [38;5;66;03m# - Convertiremos tipos clave luego para ahorrar memoria/control.[39;00m
[1;32m----> 9[0m [38;5;28;01massert[39;00m os[38;5;241m.[39mpath[38;5;241m.[39mexists(CSV_FILE), [38;5;124mf[39m[38;5;124m"[39m[38;5;124mNo se encontró el archivo: [39m[38;5;132;01m{[39;00mCSV_FILE[38;5;132;01m}[39;00m[38;5;124m"[39m
[0;32m     11[0m [38;5;28mprint[39m([38;5;124m"[39m[38;5;124mCargando CSV (puede tardar un poco)...[39m[38;5;124m"[39m)
[0;32m     12[0m df [38;5;241m=[39m pd[38;5;241m.[39mread_csv(CSV_FILE, low_memory[38;5;241m=[39m[38;5;28;01mFalse[39;00m)

[1;31mAssertionError[0m: No se encontró el archivo: .\accepted_2007_to_2018Q4.csv

